Congratulations! You have completed this lesson. At this point in the course, you know:

That Chroma DB operations form the foundation for building intelligent, vector-based applications

That collections are a way to organize your data within Chroma DB

That you define your embedding model using Chroma DB’s embedding_functions

That you create a collection using the create_collection method

That metadata helps you keep track of the purpose and contents of your collections

That you connect to an existing collection by using the get_collection method

That you alter an existing collection by using the modify method

That you use the add method to insert documents into a collection

That you get data from a collection using the get method

That you update existing data in a collection by using the update method

That you delete data from a collection using the delete method

That you use the HNSW space configuration parameter to specify the distance function when performing approximate nearest neighbor searches in Chroma DB

How to analyze data with similarity search

That RAG enhances LLM response quality by retrieving relevant external information, helping the model generate more accurate and well-supported outputs

That vector databases are the foundation that makes Retrieval-Augmented Generation work

That the tasks vector databases can perform in a RAG pipeline include: embedding source documents and user prompts, storing embeddings, retrieving most relevant matches, and providing the retrieved content for prompt augmentation

That using a vector database for all relevant RAG steps helps prevent critical mistakes, speeds up application development, and optimizes performance

That some RAG pipeline tasks, such as chunking, advanced retrieval logic, prompt augmentation, and LLM integration, usually happen outside the database

That RAG frameworks, such as LangChain and LlamaIndex, can wrap around your vector database and help manage the full RAG pipeline, simplifying RAG application development even further

How to build a recommendation system using Chroma DB